RAM Allocation [bytes]
Variable                                                                          Address   Size
------------------------------------------------------------------------------------------------
rx_buffer                                                                         0x01BD      32
rx_index                                                                          0x01DD       1
rx_ready                                                                          0x01DE       1
cars                                                                              0x01DF       2
_seed                                                                             0x01E1       4

EEPROM Allocation [bytes]
Variable                                                                          Address   Size
------------------------------------------------------------------------------------------------

Register Allocation
Variable                                                                          Register  Size
------------------------------------------------------------------------------------------------

FLASH Allocation [words]
Function                                                                          Address   Size
------------------------------------------------------------------------------------------------
uart_init                                                                         0x00104      9
usart_rx_isr                                                                      0x0010D     58
uart_send_char                                                                    0x00147      6
uart_send_string                                                                  0x0014D     12
uart_send_state                                                                   0x00159     73
parse_command                                                                     0x001A2     42
lcd_pulse                                                                         0x001CC     10
lcd_nibble                                                                        0x001D6     33
lcd_byte                                                                          0x001F7     11
lcd_cmd                                                                           0x00202      7
lcd_char                                                                          0x00209     11
lcd_init                                                                          0x00214     38
lcd_clear                                                                         0x0023A      4
lcd_goto                                                                          0x0023E     11
lcd_puts                                                                          0x00249     12
lcd_puts_f                                                                        0x00255     18
update_leds                                                                       0x00267     10
display_status                                                                    0x00271     55
handle_entry                                                                      0x002A8     21
handle_exit                                                                       0x002BD     26
main                                                                              0x002D7     70
put_buff_G100                                                                     0x0031D     58
_print_G100                                                                       0x00357    308
sprintf                                                                           0x0048B     52
strcpy                                                                            0x004BF     13
strlen                                                                            0x004CC     12
strlenf                                                                           0x004D8     13
strstr                                                                            0x004E5     23
